defined kernel grub_bios_interrupt
defined kernel grub_boot_device
defined kernel grub_command_list
defined kernel grub_current_context
defined kernel grub_device_close
defined kernel grub_device_iterate
defined kernel grub_device_open
defined kernel grub_disk_cache_table
defined kernel grub_disk_close
defined kernel grub_disk_dev_list
defined kernel grub_disk_dev_register
defined kernel grub_disk_dev_unregister
defined kernel grub_disk_firmware_fini
defined kernel grub_disk_firmware_is_tainted
defined kernel grub_disk_get_size
defined kernel grub_disk_open
defined kernel grub_disk_read
defined kernel grub_disk_write_weak
defined kernel grub_divmod64
defined kernel grub_dl_head
defined kernel grub_dl_load
defined kernel grub_dl_load_core_noinit
defined kernel grub_dl_ref
defined kernel grub_dl_unload
defined kernel grub_dl_unref
defined kernel grub_env_export
defined kernel grub_env_get
defined kernel grub_env_set
defined kernel grub_env_unset
defined kernel grub_env_update_get_sorted
defined kernel grub_err_printed_errors
defined kernel grub_errmsg
defined kernel grub_errno
defined kernel grub_error
defined kernel grub_error_pop
defined kernel grub_error_push
defined kernel grub_exit
defined kernel grub_fatal
defined kernel grub_file_close
defined kernel grub_file_filters_all
defined kernel grub_file_filters_enabled
defined kernel grub_file_get_device_name
defined kernel grub_file_open
defined kernel grub_file_progress_hook
defined kernel grub_file_read
defined kernel grub_file_seek
defined kernel grub_free
defined kernel grub_fs_autoload_hook
defined kernel grub_fs_list
defined kernel grub_fs_probe
defined kernel grub_get_time_ms
defined kernel grub_getkey
defined kernel grub_getkey_noblock
defined kernel grub_gettext
defined kernel grub_isspace
defined kernel grub_list_push
defined kernel grub_list_remove
defined kernel grub_machine_fini
defined kernel grub_machine_mmap_iterate
defined kernel grub_malloc
defined kernel grub_memalign
defined kernel grub_memcmp
defined kernel grub_memmove
defined kernel grub_memset
defined kernel grub_millisleep
defined kernel grub_mm_base
defined kernel grub_modbase
defined kernel grub_named_list_find
defined kernel grub_net_open
defined kernel grub_net_poll_cards_idle
defined kernel grub_parser_cmdline_state
defined kernel grub_parser_split_cmdline
defined kernel grub_partition_get_name
defined kernel grub_partition_iterate
defined kernel grub_partition_map_list
defined kernel grub_partition_probe
defined kernel grub_pc_net_config
defined kernel grub_print_error
defined kernel grub_printf
defined kernel grub_printf_
defined kernel grub_puts_
defined kernel grub_pxe_call
defined kernel grub_real_dprintf
defined kernel grub_realidt
defined kernel grub_realloc
defined kernel grub_refresh
defined kernel grub_register_command_prio
defined kernel grub_register_variable_hook
defined kernel grub_snprintf
defined kernel grub_strchr
defined kernel grub_strcmp
defined kernel grub_strcpy
defined kernel grub_strdup
defined kernel grub_strlen
defined kernel grub_strncmp
defined kernel grub_strndup
defined kernel grub_strrchr
defined kernel grub_strtoul
defined kernel grub_strtoull
defined kernel grub_strword
defined kernel grub_term_highlight_color
defined kernel grub_term_inputs
defined kernel grub_term_inputs_disabled
defined kernel grub_term_normal_color
defined kernel grub_term_outputs
defined kernel grub_term_outputs_disabled
defined kernel grub_term_poll_usb
defined kernel grub_tsc_rate
defined kernel grub_unregister_command
defined kernel grub_vprintf
defined kernel grub_vsnprintf
defined kernel grub_xasprintf
defined kernel grub_xputs
defined kernel grub_xvasprintf
defined kernel grub_zalloc
defined kernel memcmp
defined kernel memcpy
defined kernel memmove
defined kernel memset
